Archive member included to satisfy reference by file (symbol)

c:/program files (x86)/atmel/studio/7.0/toolchain/avr8/avr8-gnu-toolchain/bin/../lib/gcc/avr/5.4.0/avr5\libgcc.a(_exit.o)
                              C:/Program Files (x86)/Atmel/Studio/7.0/Packs/atmel/ATmega_DFP/1.2.209/gcc/dev/atmega32/avr5/crtatmega32.o (exit)
c:/program files (x86)/atmel/studio/7.0/toolchain/avr8/avr8-gnu-toolchain/bin/../lib/gcc/avr/5.4.0/avr5\libgcc.a(_tablejump2.o)
                              HAL/HSSD/HSSD_PROGRAM.o (__tablejump2__)
c:/program files (x86)/atmel/studio/7.0/toolchain/avr8/avr8-gnu-toolchain/bin/../lib/gcc/avr/5.4.0/avr5\libgcc.a(_clear_bss.o)
                              APP/main.o (__do_clear_bss)
c:/program files (x86)/atmel/studio/7.0/toolchain/avr8/avr8-gnu-toolchain/bin/../lib/gcc/avr/5.4.0/avr5\libgcc.a(_umulhisi3.o)
                              HAL/HSSD/HSSD_PROGRAM.o (__umulhisi3)

Allocating common symbols
Common symbol       size              file

CallBackPtr0        0x2               MCAL/MEXTI/MEXTI_PROGRAM.o
CallBackPtr2        0x2               MCAL/MEXTI/MEXTI_PROGRAM.o
CallBackPtr1        0x2               MCAL/MEXTI/MEXTI_PROGRAM.o

Discarded input sections

 .data          0x00000000        0x0 C:/Program Files (x86)/Atmel/Studio/7.0/Packs/atmel/ATmega_DFP/1.2.209/gcc/dev/atmega32/avr5/crtatmega32.o
 .bss           0x00000000        0x0 C:/Program Files (x86)/Atmel/Studio/7.0/Packs/atmel/ATmega_DFP/1.2.209/gcc/dev/atmega32/avr5/crtatmega32.o
 .text          0x00000000        0x0 APP/main.o
 .data          0x00000000        0x0 APP/main.o
 .bss           0x00000000        0x0 APP/main.o
 .text          0x00000000        0x0 HAL/HBUZZER/HBUZZER_PROGRAM.o
 .data          0x00000000        0x0 HAL/HBUZZER/HBUZZER_PROGRAM.o
 .bss           0x00000000        0x0 HAL/HBUZZER/HBUZZER_PROGRAM.o
 .text.HBUZZER_VidONCE
                0x00000000       0x36 HAL/HBUZZER/HBUZZER_PROGRAM.o
 .text.HBUZZER_VidTWICE
                0x00000000        0xa HAL/HBUZZER/HBUZZER_PROGRAM.o
 .text.HBUZZER_VidTRIPLE
                0x00000000        0xe HAL/HBUZZER/HBUZZER_PROGRAM.o
 .text.HBUZZER_VidLONG
                0x00000000       0x24 HAL/HBUZZER/HBUZZER_PROGRAM.o
 .text.HBUZZER_VidTOGGLE
                0x00000000        0x8 HAL/HBUZZER/HBUZZER_PROGRAM.o
 .text          0x00000000        0x0 HAL/HLED/HLED_PROGRAM.o
 .data          0x00000000        0x0 HAL/HLED/HLED_PROGRAM.o
 .bss           0x00000000        0x0 HAL/HLED/HLED_PROGRAM.o
 .text.HLED_ERROR_STATE_t_LedInit
                0x00000000       0x2e HAL/HLED/HLED_PROGRAM.o
 .text.HLED_ERROR_STATE_t_LedON
                0x00000000       0x2e HAL/HLED/HLED_PROGRAM.o
 .text.HLED_ERROR_STATE_t_LedOFF
                0x00000000       0x2e HAL/HLED/HLED_PROGRAM.o
 .text.HLED_ERROR_STATE_t_ToggleLed
                0x00000000       0x28 HAL/HLED/HLED_PROGRAM.o
 .debug_info    0x00000000      0x2fc HAL/HLED/HLED_PROGRAM.o
 .debug_abbrev  0x00000000       0xcc HAL/HLED/HLED_PROGRAM.o
 .debug_loc     0x00000000      0x340 HAL/HLED/HLED_PROGRAM.o
 .debug_aranges
                0x00000000       0x38 HAL/HLED/HLED_PROGRAM.o
 .debug_ranges  0x00000000       0x28 HAL/HLED/HLED_PROGRAM.o
 .debug_line    0x00000000      0x199 HAL/HLED/HLED_PROGRAM.o
 .debug_str     0x00000000      0x2cb HAL/HLED/HLED_PROGRAM.o
 .comment       0x00000000       0x31 HAL/HLED/HLED_PROGRAM.o
 .debug_frame   0x00000000       0x54 HAL/HLED/HLED_PROGRAM.o
 .text          0x00000000        0x0 HAL/HPB/HPB_Program.o
 .data          0x00000000        0x0 HAL/HPB/HPB_Program.o
 .bss           0x00000000        0x0 HAL/HPB/HPB_Program.o
 .text.HPB_ERROR_STATE_t_PB_Init
                0x00000000       0x96 HAL/HPB/HPB_Program.o
 .text.HPB_ERROR_STATE_t_PB_Read
                0x00000000       0x3a HAL/HPB/HPB_Program.o
 .debug_info    0x00000000      0x32f HAL/HPB/HPB_Program.o
 .debug_abbrev  0x00000000       0xf1 HAL/HPB/HPB_Program.o
 .debug_loc     0x00000000      0x2b6 HAL/HPB/HPB_Program.o
 .debug_aranges
                0x00000000       0x28 HAL/HPB/HPB_Program.o
 .debug_ranges  0x00000000       0x18 HAL/HPB/HPB_Program.o
 .debug_line    0x00000000      0x181 HAL/HPB/HPB_Program.o
 .debug_str     0x00000000      0x2cd HAL/HPB/HPB_Program.o
 .comment       0x00000000       0x31 HAL/HPB/HPB_Program.o
 .debug_frame   0x00000000       0x3c HAL/HPB/HPB_Program.o
 .text          0x00000000        0x0 HAL/HPIR_SENSOR/HPIR_SENSOR_PROGRAM.o
 .data          0x00000000        0x0 HAL/HPIR_SENSOR/HPIR_SENSOR_PROGRAM.o
 .bss           0x00000000        0x0 HAL/HPIR_SENSOR/HPIR_SENSOR_PROGRAM.o
 .text.HPIR_SENSOR_VidInit
                0x00000000        0xa HAL/HPIR_SENSOR/HPIR_SENSOR_PROGRAM.o
 .text.HPIR_SENSOR_ERROR_STATE_t_Read
                0x00000000       0x14 HAL/HPIR_SENSOR/HPIR_SENSOR_PROGRAM.o
 .debug_info    0x00000000      0x16c HAL/HPIR_SENSOR/HPIR_SENSOR_PROGRAM.o
 .debug_abbrev  0x00000000       0xd9 HAL/HPIR_SENSOR/HPIR_SENSOR_PROGRAM.o
 .debug_loc     0x00000000       0x73 HAL/HPIR_SENSOR/HPIR_SENSOR_PROGRAM.o
 .debug_aranges
                0x00000000       0x28 HAL/HPIR_SENSOR/HPIR_SENSOR_PROGRAM.o
 .debug_ranges  0x00000000       0x18 HAL/HPIR_SENSOR/HPIR_SENSOR_PROGRAM.o
 .debug_line    0x00000000       0xd3 HAL/HPIR_SENSOR/HPIR_SENSOR_PROGRAM.o
 .debug_str     0x00000000      0x272 HAL/HPIR_SENSOR/HPIR_SENSOR_PROGRAM.o
 .comment       0x00000000       0x31 HAL/HPIR_SENSOR/HPIR_SENSOR_PROGRAM.o
 .debug_frame   0x00000000       0x34 HAL/HPIR_SENSOR/HPIR_SENSOR_PROGRAM.o
 .text          0x00000000        0x0 HAL/HRELAY/HRELAY_PROGRAM.o
 .data          0x00000000        0x0 HAL/HRELAY/HRELAY_PROGRAM.o
 .bss           0x00000000        0x0 HAL/HRELAY/HRELAY_PROGRAM.o
 .text.HRELAY_VidTOGGLE
                0x00000000       0x14 HAL/HRELAY/HRELAY_PROGRAM.o
 .text          0x00000000        0x0 HAL/HSSD/HSSD_PROGRAM.o
 .data          0x00000000        0x0 HAL/HSSD/HSSD_PROGRAM.o
 .bss           0x00000000        0x0 HAL/HSSD/HSSD_PROGRAM.o
 .text.HSSD_VidCOUNT_DOWN
                0x00000000       0x2c HAL/HSSD/HSSD_PROGRAM.o
 .text.HSSD_VidCOUNT_UP
                0x00000000       0x2e HAL/HSSD/HSSD_PROGRAM.o
 .text          0x00000000        0x0 HAL/HSTEPPER/HSTEPPER_PROGRAM.o
 .data          0x00000000        0x0 HAL/HSTEPPER/HSTEPPER_PROGRAM.o
 .bss           0x00000000        0x0 HAL/HSTEPPER/HSTEPPER_PROGRAM.o
 .text.HSTEPPER_VidInit
                0x00000000       0x22 HAL/HSTEPPER/HSTEPPER_PROGRAM.o
 .text.HSTEPPER_VidFullStepRight
                0x00000000       0xb2 HAL/HSTEPPER/HSTEPPER_PROGRAM.o
 .text.HSTEPPER_VidFullStepLeft
                0x00000000       0xb2 HAL/HSTEPPER/HSTEPPER_PROGRAM.o
 .text.HSTEPPER_VidHalfStepRight
                0x00000000      0x18e HAL/HSTEPPER/HSTEPPER_PROGRAM.o
 .text.HSTEPPER_VidHalfStepLeft
                0x00000000      0x162 HAL/HSTEPPER/HSTEPPER_PROGRAM.o
 .text.HSTEPPER_VidFullStep_FullMechanicalRevolutionRight
                0x00000000       0x10 HAL/HSTEPPER/HSTEPPER_PROGRAM.o
 .text.HSTEPPER_VidFullStep_FullMechanicalRevolutionLeft
                0x00000000       0x10 HAL/HSTEPPER/HSTEPPER_PROGRAM.o
 .text.HSTEPPER_VidHalfStep_FullMechanicalRevolutionRight
                0x00000000       0x10 HAL/HSTEPPER/HSTEPPER_PROGRAM.o
 .text.HSTEPPER_VidHalfStep_FullMechanicalRevolutionLeft
                0x00000000       0x10 HAL/HSTEPPER/HSTEPPER_PROGRAM.o
 .text.HSTEPPER_VidFullStep_StartRight
                0x00000000       0x1c HAL/HSTEPPER/HSTEPPER_PROGRAM.o
 .text.HSTEPPER_VidFullStep_StartLeft
                0x00000000       0x1c HAL/HSTEPPER/HSTEPPER_PROGRAM.o
 .text.HSTEPPER_VidHalfStep_StartRight
                0x00000000       0x1c HAL/HSTEPPER/HSTEPPER_PROGRAM.o
 .text.HSTEPPER_VidHalfStep_StartLeft
                0x00000000       0x1c HAL/HSTEPPER/HSTEPPER_PROGRAM.o
 .text.HSTEPPER_VidStop
                0x00000000       0x22 HAL/HSTEPPER/HSTEPPER_PROGRAM.o
 .debug_info    0x00000000     0x1317 HAL/HSTEPPER/HSTEPPER_PROGRAM.o
 .debug_abbrev  0x00000000      0x162 HAL/HSTEPPER/HSTEPPER_PROGRAM.o
 .debug_loc     0x00000000      0xa88 HAL/HSTEPPER/HSTEPPER_PROGRAM.o
 .debug_aranges
                0x00000000       0x88 HAL/HSTEPPER/HSTEPPER_PROGRAM.o
 .debug_ranges  0x00000000       0x78 HAL/HSTEPPER/HSTEPPER_PROGRAM.o
 .debug_line    0x00000000      0x6d4 HAL/HSTEPPER/HSTEPPER_PROGRAM.o
 .debug_str     0x00000000      0x40a HAL/HSTEPPER/HSTEPPER_PROGRAM.o
 .comment       0x00000000       0x31 HAL/HSTEPPER/HSTEPPER_PROGRAM.o
 .debug_frame   0x00000000      0x144 HAL/HSTEPPER/HSTEPPER_PROGRAM.o
 .text          0x00000000        0x0 MCAL/MDIO/MDIO_PROGRAM.o
 .data          0x00000000        0x0 MCAL/MDIO/MDIO_PROGRAM.o
 .bss           0x00000000        0x0 MCAL/MDIO/MDIO_PROGRAM.o
 .text.MDIO_ERROR_STATE_t_TogglePin
                0x00000000       0xce MCAL/MDIO/MDIO_PROGRAM.o
 .text.MDIO_ERROR_STATE_t_GetPin
                0x00000000       0xe2 MCAL/MDIO/MDIO_PROGRAM.o
 .text.MDIO_ERROR_STATE_t_SetInputPinMode
                0x00000000      0x164 MCAL/MDIO/MDIO_PROGRAM.o
 .text          0x00000000        0x0 MCAL/MEXTI/MEXTI_PROGRAM.o
 .data          0x00000000        0x0 MCAL/MEXTI/MEXTI_PROGRAM.o
 .bss           0x00000000        0x0 MCAL/MEXTI/MEXTI_PROGRAM.o
 .text.MEXTI_VidEnableGlobalInterrupt
                0x00000000        0x8 MCAL/MEXTI/MEXTI_PROGRAM.o
 .text.MEXTI_VidDisbleGlobalInterrupt
                0x00000000        0x8 MCAL/MEXTI/MEXTI_PROGRAM.o
 .text.MEXTI0_ERROR_STATE_t_Init
                0x00000000       0x86 MCAL/MEXTI/MEXTI_PROGRAM.o
 .text.MEXTI0_Vid_ENABLE
                0x00000000        0x8 MCAL/MEXTI/MEXTI_PROGRAM.o
 .text.MEXTI0_Vid_DISABLE
                0x00000000        0x8 MCAL/MEXTI/MEXTI_PROGRAM.o
 .text.MEXTI0_ERROR_STATE_t_ReadFlag
                0x00000000       0x18 MCAL/MEXTI/MEXTI_PROGRAM.o
 .text.MEXTI0_SetCallBack
                0x00000000        0xa MCAL/MEXTI/MEXTI_PROGRAM.o
 .text.MEXTI1_ERROR_STATE_t_Init
                0x00000000       0x86 MCAL/MEXTI/MEXTI_PROGRAM.o
 .text.MEXTI1_Vid_ENABLE
                0x00000000        0x8 MCAL/MEXTI/MEXTI_PROGRAM.o
 .text.MEXTI1_Vid_DISABLE
                0x00000000        0x8 MCAL/MEXTI/MEXTI_PROGRAM.o
 .text.MEXTI1_ERROR_STATE_t_ReadFlag
                0x00000000       0x18 MCAL/MEXTI/MEXTI_PROGRAM.o
 .text.MEXTI1_SetCallBack
                0x00000000        0xa MCAL/MEXTI/MEXTI_PROGRAM.o
 .text.MEXTI2_ERROR_STATE_t_Init
                0x00000000       0x44 MCAL/MEXTI/MEXTI_PROGRAM.o
 .text.MEXTI2_Vid_ENABLE
                0x00000000        0x8 MCAL/MEXTI/MEXTI_PROGRAM.o
 .text.MEXTI2_Vid_DISABLE
                0x00000000        0x8 MCAL/MEXTI/MEXTI_PROGRAM.o
 .text.MEXTI2_ERROR_STATE_t_ReadFlag
                0x00000000       0x18 MCAL/MEXTI/MEXTI_PROGRAM.o
 .text.MEXTI2_SetCallBack
                0x00000000        0xa MCAL/MEXTI/MEXTI_PROGRAM.o
 .text          0x00000000        0x0 c:/program files (x86)/atmel/studio/7.0/toolchain/avr8/avr8-gnu-toolchain/bin/../lib/gcc/avr/5.4.0/avr5\libgcc.a(_exit.o)
 .data          0x00000000        0x0 c:/program files (x86)/atmel/studio/7.0/toolchain/avr8/avr8-gnu-toolchain/bin/../lib/gcc/avr/5.4.0/avr5\libgcc.a(_exit.o)
 .bss           0x00000000        0x0 c:/program files (x86)/atmel/studio/7.0/toolchain/avr8/avr8-gnu-toolchain/bin/../lib/gcc/avr/5.4.0/avr5\libgcc.a(_exit.o)
 .text.libgcc.mul
                0x00000000        0x0 c:/program files (x86)/atmel/studio/7.0/toolchain/avr8/avr8-gnu-toolchain/bin/../lib/gcc/avr/5.4.0/avr5\libgcc.a(_exit.o)
 .text.libgcc.div
                0x00000000        0x0 c:/program files (x86)/atmel/studio/7.0/toolchain/avr8/avr8-gnu-toolchain/bin/../lib/gcc/avr/5.4.0/avr5\libgcc.a(_exit.o)
 .text.libgcc   0x00000000        0x0 c:/program files (x86)/atmel/studio/7.0/toolchain/avr8/avr8-gnu-toolchain/bin/../lib/gcc/avr/5.4.0/avr5\libgcc.a(_exit.o)
 .text.libgcc.prologue
                0x00000000        0x0 c:/program files (x86)/atmel/studio/7.0/toolchain/avr8/avr8-gnu-toolchain/bin/../lib/gcc/avr/5.4.0/avr5\libgcc.a(_exit.o)
 .text.libgcc.builtins
                0x00000000        0x0 c:/program files (x86)/atmel/studio/7.0/toolchain/avr8/avr8-gnu-toolchain/bin/../lib/gcc/avr/5.4.0/avr5\libgcc.a(_exit.o)
 .text.libgcc.fmul
                0x00000000        0x0 c:/program files (x86)/atmel/studio/7.0/toolchain/avr8/avr8-gnu-toolchain/bin/../lib/gcc/avr/5.4.0/avr5\libgcc.a(_exit.o)
 .text.libgcc.fixed
                0x00000000        0x0 c:/program files (x86)/atmel/studio/7.0/toolchain/avr8/avr8-gnu-toolchain/bin/../lib/gcc/avr/5.4.0/avr5\libgcc.a(_exit.o)
 .text          0x00000000        0x0 c:/program files (x86)/atmel/studio/7.0/toolchain/avr8/avr8-gnu-toolchain/bin/../lib/gcc/avr/5.4.0/avr5\libgcc.a(_tablejump2.o)
 .data          0x00000000        0x0 c:/program files (x86)/atmel/studio/7.0/toolchain/avr8/avr8-gnu-toolchain/bin/../lib/gcc/avr/5.4.0/avr5\libgcc.a(_tablejump2.o)
 .bss           0x00000000        0x0 c:/program files (x86)/atmel/studio/7.0/toolchain/avr8/avr8-gnu-toolchain/bin/../lib/gcc/avr/5.4.0/avr5\libgcc.a(_tablejump2.o)
 .text.libgcc.mul
                0x00000000        0x0 c:/program files (x86)/atmel/studio/7.0/toolchain/avr8/avr8-gnu-toolchain/bin/../lib/gcc/avr/5.4.0/avr5\libgcc.a(_tablejump2.o)
 .text.libgcc.div
                0x00000000        0x0 c:/program files (x86)/atmel/studio/7.0/toolchain/avr8/avr8-gnu-toolchain/bin/../lib/gcc/avr/5.4.0/avr5\libgcc.a(_tablejump2.o)
 .text.libgcc.prologue
                0x00000000        0x0 c:/program files (x86)/atmel/studio/7.0/toolchain/avr8/avr8-gnu-toolchain/bin/../lib/gcc/avr/5.4.0/avr5\libgcc.a(_tablejump2.o)
 .text.libgcc.builtins
                0x00000000        0x0 c:/program files (x86)/atmel/studio/7.0/toolchain/avr8/avr8-gnu-toolchain/bin/../lib/gcc/avr/5.4.0/avr5\libgcc.a(_tablejump2.o)
 .text.libgcc.fmul
                0x00000000        0x0 c:/program files (x86)/atmel/studio/7.0/toolchain/avr8/avr8-gnu-toolchain/bin/../lib/gcc/avr/5.4.0/avr5\libgcc.a(_tablejump2.o)
 .text.libgcc.fixed
                0x00000000        0x0 c:/program files (x86)/atmel/studio/7.0/toolchain/avr8/avr8-gnu-toolchain/bin/../lib/gcc/avr/5.4.0/avr5\libgcc.a(_tablejump2.o)
 .text          0x00000000        0x0 c:/program files (x86)/atmel/studio/7.0/toolchain/avr8/avr8-gnu-toolchain/bin/../lib/gcc/avr/5.4.0/avr5\libgcc.a(_clear_bss.o)
 .data          0x00000000        0x0 c:/program files (x86)/atmel/studio/7.0/toolchain/avr8/avr8-gnu-toolchain/bin/../lib/gcc/avr/5.4.0/avr5\libgcc.a(_clear_bss.o)
 .bss           0x00000000        0x0 c:/program files (x86)/atmel/studio/7.0/toolchain/avr8/avr8-gnu-toolchain/bin/../lib/gcc/avr/5.4.0/avr5\libgcc.a(_clear_bss.o)
 .text.libgcc.mul
                0x00000000        0x0 c:/program files (x86)/atmel/studio/7.0/toolchain/avr8/avr8-gnu-toolchain/bin/../lib/gcc/avr/5.4.0/avr5\libgcc.a(_clear_bss.o)
 .text.libgcc.div
                0x00000000        0x0 c:/program files (x86)/atmel/studio/7.0/toolchain/avr8/avr8-gnu-toolchain/bin/../lib/gcc/avr/5.4.0/avr5\libgcc.a(_clear_bss.o)
 .text.libgcc   0x00000000        0x0 c:/program files (x86)/atmel/studio/7.0/toolchain/avr8/avr8-gnu-toolchain/bin/../lib/gcc/avr/5.4.0/avr5\libgcc.a(_clear_bss.o)
 .text.libgcc.prologue
                0x00000000        0x0 c:/program files (x86)/atmel/studio/7.0/toolchain/avr8/avr8-gnu-toolchain/bin/../lib/gcc/avr/5.4.0/avr5\libgcc.a(_clear_bss.o)
 .text.libgcc.builtins
                0x00000000        0x0 c:/program files (x86)/atmel/studio/7.0/toolchain/avr8/avr8-gnu-toolchain/bin/../lib/gcc/avr/5.4.0/avr5\libgcc.a(_clear_bss.o)
 .text.libgcc.fmul
                0x00000000        0x0 c:/program files (x86)/atmel/studio/7.0/toolchain/avr8/avr8-gnu-toolchain/bin/../lib/gcc/avr/5.4.0/avr5\libgcc.a(_clear_bss.o)
 .text.libgcc.fixed
                0x00000000        0x0 c:/program files (x86)/atmel/studio/7.0/toolchain/avr8/avr8-gnu-toolchain/bin/../lib/gcc/avr/5.4.0/avr5\libgcc.a(_clear_bss.o)
 .text          0x00000000        0x0 c:/program files (x86)/atmel/studio/7.0/toolchain/avr8/avr8-gnu-toolchain/bin/../lib/gcc/avr/5.4.0/avr5\libgcc.a(_umulhisi3.o)
 .data          0x00000000        0x0 c:/program files (x86)/atmel/studio/7.0/toolchain/avr8/avr8-gnu-toolchain/bin/../lib/gcc/avr/5.4.0/avr5\libgcc.a(_umulhisi3.o)
 .bss           0x00000000        0x0 c:/program files (x86)/atmel/studio/7.0/toolchain/avr8/avr8-gnu-toolchain/bin/../lib/gcc/avr/5.4.0/avr5\libgcc.a(_umulhisi3.o)
 .text.libgcc.div
                0x00000000        0x0 c:/program files (x86)/atmel/studio/7.0/toolchain/avr8/avr8-gnu-toolchain/bin/../lib/gcc/avr/5.4.0/avr5\libgcc.a(_umulhisi3.o)
 .text.libgcc   0x00000000        0x0 c:/program files (x86)/atmel/studio/7.0/toolchain/avr8/avr8-gnu-toolchain/bin/../lib/gcc/avr/5.4.0/avr5\libgcc.a(_umulhisi3.o)
 .text.libgcc.prologue
                0x00000000        0x0 c:/program files (x86)/atmel/studio/7.0/toolchain/avr8/avr8-gnu-toolchain/bin/../lib/gcc/avr/5.4.0/avr5\libgcc.a(_umulhisi3.o)
 .text.libgcc.builtins
                0x00000000        0x0 c:/program files (x86)/atmel/studio/7.0/toolchain/avr8/avr8-gnu-toolchain/bin/../lib/gcc/avr/5.4.0/avr5\libgcc.a(_umulhisi3.o)
 .text.libgcc.fmul
                0x00000000        0x0 c:/program files (x86)/atmel/studio/7.0/toolchain/avr8/avr8-gnu-toolchain/bin/../lib/gcc/avr/5.4.0/avr5\libgcc.a(_umulhisi3.o)
 .text.libgcc.fixed
                0x00000000        0x0 c:/program files (x86)/atmel/studio/7.0/toolchain/avr8/avr8-gnu-toolchain/bin/../lib/gcc/avr/5.4.0/avr5\libgcc.a(_umulhisi3.o)

Memory Configuration

Name             Origin             Length             Attributes
text             0x00000000         0x00020000         xr
data             0x00800060         0x0000ffa0         rw !x
eeprom           0x00810000         0x00010000         rw !x
fuse             0x00820000         0x00000002         rw !x
lock             0x00830000         0x00000400         rw !x
signature        0x00840000         0x00000400         rw !x
user_signatures  0x00850000         0x00000400         rw !x
*default*        0x00000000         0xffffffff

Linker script and memory map

LOAD C:/Program Files (x86)/Atmel/Studio/7.0/Packs/atmel/ATmega_DFP/1.2.209/gcc/dev/atmega32/avr5/crtatmega32.o
LOAD APP/main.o
LOAD HAL/HBUZZER/HBUZZER_PROGRAM.o
LOAD HAL/HLED/HLED_PROGRAM.o
LOAD HAL/HPB/HPB_Program.o
LOAD HAL/HPIR_SENSOR/HPIR_SENSOR_PROGRAM.o
LOAD HAL/HRELAY/HRELAY_PROGRAM.o
LOAD HAL/HSSD/HSSD_PROGRAM.o
LOAD HAL/HSTEPPER/HSTEPPER_PROGRAM.o
LOAD MCAL/MDIO/MDIO_PROGRAM.o
LOAD MCAL/MEXTI/MEXTI_PROGRAM.o
START GROUP
LOAD c:/program files (x86)/atmel/studio/7.0/toolchain/avr8/avr8-gnu-toolchain/bin/../lib/gcc/avr/5.4.0/../../../../avr/lib/avr5\libm.a
END GROUP
START GROUP
LOAD c:/program files (x86)/atmel/studio/7.0/toolchain/avr8/avr8-gnu-toolchain/bin/../lib/gcc/avr/5.4.0/avr5\libgcc.a
LOAD c:/program files (x86)/atmel/studio/7.0/toolchain/avr8/avr8-gnu-toolchain/bin/../lib/gcc/avr/5.4.0/../../../../avr/lib/avr5\libm.a
LOAD c:/program files (x86)/atmel/studio/7.0/toolchain/avr8/avr8-gnu-toolchain/bin/../lib/gcc/avr/5.4.0/../../../../avr/lib/avr5\libc.a
LOAD C:/Program Files (x86)/Atmel/Studio/7.0/Packs/atmel/ATmega_DFP/1.2.209/gcc/dev/atmega32/avr5\libatmega32.a
END GROUP
                0x00020000                __TEXT_REGION_LENGTH__ = DEFINED (__TEXT_REGION_LENGTH__)?__TEXT_REGION_LENGTH__:0x20000
                0x0000ffa0                __DATA_REGION_LENGTH__ = DEFINED (__DATA_REGION_LENGTH__)?__DATA_REGION_LENGTH__:0xffa0
                0x00010000                __EEPROM_REGION_LENGTH__ = DEFINED (__EEPROM_REGION_LENGTH__)?__EEPROM_REGION_LENGTH__:0x10000
                [0x00000002]                __FUSE_REGION_LENGTH__ = DEFINED (__FUSE_REGION_LENGTH__)?__FUSE_REGION_LENGTH__:0x400
                0x00000400                __LOCK_REGION_LENGTH__ = DEFINED (__LOCK_REGION_LENGTH__)?__LOCK_REGION_LENGTH__:0x400
                0x00000400                __SIGNATURE_REGION_LENGTH__ = DEFINED (__SIGNATURE_REGION_LENGTH__)?__SIGNATURE_REGION_LENGTH__:0x400
                0x00000400                __USER_SIGNATURE_REGION_LENGTH__ = DEFINED (__USER_SIGNATURE_REGION_LENGTH__)?__USER_SIGNATURE_REGION_LENGTH__:0x400

.hash
 *(.hash)

.dynsym
 *(.dynsym)

.dynstr
 *(.dynstr)

.gnu.version
 *(.gnu.version)

.gnu.version_d
 *(.gnu.version_d)

.gnu.version_r
 *(.gnu.version_r)

.rel.init
 *(.rel.init)

.rela.init
 *(.rela.init)

.rel.text
 *(.rel.text)
 *(.rel.text.*)
 *(.rel.gnu.linkonce.t*)

.rela.text
 *(.rela.text)
 *(.rela.text.*)
 *(.rela.gnu.linkonce.t*)

.rel.fini
 *(.rel.fini)

.rela.fini
 *(.rela.fini)

.rel.rodata
 *(.rel.rodata)
 *(.rel.rodata.*)
 *(.rel.gnu.linkonce.r*)

.rela.rodata
 *(.rela.rodata)
 *(.rela.rodata.*)
 *(.rela.gnu.linkonce.r*)

.rel.data
 *(.rel.data)
 *(.rel.data.*)
 *(.rel.gnu.linkonce.d*)

.rela.data
 *(.rela.data)
 *(.rela.data.*)
 *(.rela.gnu.linkonce.d*)

.rel.ctors
 *(.rel.ctors)

.rela.ctors
 *(.rela.ctors)

.rel.dtors
 *(.rel.dtors)

.rela.dtors
 *(.rela.dtors)

.rel.got
 *(.rel.got)

.rela.got
 *(.rela.got)

.rel.bss
 *(.rel.bss)

.rela.bss
 *(.rela.bss)

.rel.plt
 *(.rel.plt)

.rela.plt
 *(.rela.plt)

.text           0x00000000      0x8f6
 *(.vectors)
 .vectors       0x00000000       0x54 C:/Program Files (x86)/Atmel/Studio/7.0/Packs/atmel/ATmega_DFP/1.2.209/gcc/dev/atmega32/avr5/crtatmega32.o
                0x00000000                __vector_default
                0x00000000                __vectors
 *(.vectors)
 *(.progmem.gcc*)
 .progmem.gcc_sw_table.HSSD_VidWriteNumber
                0x00000054       0x14 HAL/HSSD/HSSD_PROGRAM.o
                0x00000068                . = ALIGN (0x2)
                0x00000068                __trampolines_start = .
 *(.trampolines)
 .trampolines   0x00000068        0x0 linker stubs
 *(.trampolines*)
                0x00000068                __trampolines_end = .
 *libprintf_flt.a:*(.progmem.data)
 *libc.a:*(.progmem.data)
 *(.progmem*)
                0x00000068                . = ALIGN (0x2)
 *(.jumptables)
 *(.jumptables*)
 *(.lowtext)
 *(.lowtext*)
                0x00000068                __ctors_start = .
 *(.ctors)
                0x00000068                __ctors_end = .
                0x00000068                __dtors_start = .
 *(.dtors)
                0x00000068                __dtors_end = .
 SORT(*)(.ctors)
 SORT(*)(.dtors)
 *(.init0)
 .init0         0x00000068        0x0 C:/Program Files (x86)/Atmel/Studio/7.0/Packs/atmel/ATmega_DFP/1.2.209/gcc/dev/atmega32/avr5/crtatmega32.o
                0x00000068                __init
 *(.init0)
 *(.init1)
 *(.init1)
 *(.init2)
 .init2         0x00000068        0xc C:/Program Files (x86)/Atmel/Studio/7.0/Packs/atmel/ATmega_DFP/1.2.209/gcc/dev/atmega32/avr5/crtatmega32.o
 *(.init2)
 *(.init3)
 *(.init3)
 *(.init4)
 .init4         0x00000074       0x10 c:/program files (x86)/atmel/studio/7.0/toolchain/avr8/avr8-gnu-toolchain/bin/../lib/gcc/avr/5.4.0/avr5\libgcc.a(_clear_bss.o)
                0x00000074                __do_clear_bss
 *(.init4)
 *(.init5)
 *(.init5)
 *(.init6)
 *(.init6)
 *(.init7)
 *(.init7)
 *(.init8)
 *(.init8)
 *(.init9)
 .init9         0x00000084        0x8 C:/Program Files (x86)/Atmel/Studio/7.0/Packs/atmel/ATmega_DFP/1.2.209/gcc/dev/atmega32/avr5/crtatmega32.o
 *(.init9)
 *(.text)
 .text          0x0000008c        0x4 C:/Program Files (x86)/Atmel/Studio/7.0/Packs/atmel/ATmega_DFP/1.2.209/gcc/dev/atmega32/avr5/crtatmega32.o
                0x0000008c                __vector_12
                0x0000008c                __bad_interrupt
                0x0000008c                __vector_6
                0x0000008c                __vector_11
                0x0000008c                __vector_13
                0x0000008c                __vector_17
                0x0000008c                __vector_19
                0x0000008c                __vector_7
                0x0000008c                __vector_5
                0x0000008c                __vector_4
                0x0000008c                __vector_9
                0x0000008c                __vector_15
                0x0000008c                __vector_8
                0x0000008c                __vector_14
                0x0000008c                __vector_10
                0x0000008c                __vector_16
                0x0000008c                __vector_18
                0x0000008c                __vector_20
                0x00000090                . = ALIGN (0x2)
 *(.text.*)
 .text.Flashing
                0x00000090       0x4c APP/main.o
                0x00000090                Flashing
 .text.main     0x000000dc       0x42 APP/main.o
                0x000000dc                main
 .text.HBUZZER_VidINIT
                0x0000011e        0xa HAL/HBUZZER/HBUZZER_PROGRAM.o
                0x0000011e                HBUZZER_VidINIT
 .text.HBUZZER_VidON
                0x00000128        0xa HAL/HBUZZER/HBUZZER_PROGRAM.o
                0x00000128                HBUZZER_VidON
 .text.HBUZZER_VidOFF
                0x00000132        0xa HAL/HBUZZER/HBUZZER_PROGRAM.o
                0x00000132                HBUZZER_VidOFF
 .text.HRELAY_VidInit
                0x0000013c       0x18 HAL/HRELAY/HRELAY_PROGRAM.o
                0x0000013c                HRELAY_VidInit
 .text.HRELAY_VidON
                0x00000154       0x18 HAL/HRELAY/HRELAY_PROGRAM.o
                0x00000154                HRELAY_VidON
 .text.HRELAY_VidOFF
                0x0000016c       0x18 HAL/HRELAY/HRELAY_PROGRAM.o
                0x0000016c                HRELAY_VidOFF
 .text.HSSD_VidInit
                0x00000184       0x4a HAL/HSSD/HSSD_PROGRAM.o
                0x00000184                HSSD_VidInit
 .text.HSSD_VidWriteNumber
                0x000001ce      0x258 HAL/HSSD/HSSD_PROGRAM.o
                0x000001ce                HSSD_VidWriteNumber
 .text.HSSD_VidDISPLAY
                0x00000426       0xc0 HAL/HSSD/HSSD_PROGRAM.o
                0x00000426                HSSD_VidDISPLAY
 .text.HSSD_VidSSDON
                0x000004e6       0x12 HAL/HSSD/HSSD_PROGRAM.o
                0x000004e6                HSSD_VidSSDON
 .text.HSSD_VidSSDOFF
                0x000004f8       0x12 HAL/HSSD/HSSD_PROGRAM.o
                0x000004f8                HSSD_VidSSDOFF
 .text.MDIO_ERROR_STATE_t_SetPinDirection
                0x0000050a      0x164 MCAL/MDIO/MDIO_PROGRAM.o
                0x0000050a                MDIO_ERROR_STATE_t_SetPinDirection
 .text.MDIO_ERROR_STATE_t_SetPinValue
                0x0000066e      0x164 MCAL/MDIO/MDIO_PROGRAM.o
                0x0000066e                MDIO_ERROR_STATE_t_SetPinValue
 .text.__vector_1
                0x000007d2       0x52 MCAL/MEXTI/MEXTI_PROGRAM.o
                0x000007d2                __vector_1
 .text.__vector_2
                0x00000824       0x52 MCAL/MEXTI/MEXTI_PROGRAM.o
                0x00000824                __vector_2
 .text.__vector_3
                0x00000876       0x52 MCAL/MEXTI/MEXTI_PROGRAM.o
                0x00000876                __vector_3
 .text.libgcc   0x000008c8        0xc c:/program files (x86)/atmel/studio/7.0/toolchain/avr8/avr8-gnu-toolchain/bin/../lib/gcc/avr/5.4.0/avr5\libgcc.a(_tablejump2.o)
                0x000008c8                __tablejump2__
 .text.libgcc.mul
                0x000008d4       0x1e c:/program files (x86)/atmel/studio/7.0/toolchain/avr8/avr8-gnu-toolchain/bin/../lib/gcc/avr/5.4.0/avr5\libgcc.a(_umulhisi3.o)
                0x000008d4                __umulhisi3
                0x000008f2                . = ALIGN (0x2)
 *(.fini9)
 .fini9         0x000008f2        0x0 c:/program files (x86)/atmel/studio/7.0/toolchain/avr8/avr8-gnu-toolchain/bin/../lib/gcc/avr/5.4.0/avr5\libgcc.a(_exit.o)
                0x000008f2                _exit
                0x000008f2                exit
 *(.fini9)
 *(.fini8)
 *(.fini8)
 *(.fini7)
 *(.fini7)
 *(.fini6)
 *(.fini6)
 *(.fini5)
 *(.fini5)
 *(.fini4)
 *(.fini4)
 *(.fini3)
 *(.fini3)
 *(.fini2)
 *(.fini2)
 *(.fini1)
 *(.fini1)
 *(.fini0)
 .fini0         0x000008f2        0x4 c:/program files (x86)/atmel/studio/7.0/toolchain/avr8/avr8-gnu-toolchain/bin/../lib/gcc/avr/5.4.0/avr5\libgcc.a(_exit.o)
 *(.fini0)
                0x000008f6                _etext = .

.data           0x00800060        0x0 load address 0x000008f6
                [!provide]                PROVIDE (__data_start, .)
 *(.data)
 *(.data*)
 *(.gnu.linkonce.d*)
 *(.rodata)
 *(.rodata*)
 *(.gnu.linkonce.r*)
                0x00800060                . = ALIGN (0x2)
                0x00800060                _edata = .
                [!provide]                PROVIDE (__data_end, .)

.bss            0x00800060        0x7
                0x00800060                PROVIDE (__bss_start, .)
 *(.bss)
 *(.bss*)
 .bss.counter   0x00800060        0x1 APP/main.o
                0x00800060                counter
 *(COMMON)
 COMMON         0x00800061        0x6 MCAL/MEXTI/MEXTI_PROGRAM.o
                0x00800061                CallBackPtr0
                0x00800063                CallBackPtr2
                0x00800065                CallBackPtr1
                0x00800067                PROVIDE (__bss_end, .)
                0x000008f6                __data_load_start = LOADADDR (.data)
                0x000008f6                __data_load_end = (__data_load_start + SIZEOF (.data))

.noinit         0x00800067        0x0
                [!provide]                PROVIDE (__noinit_start, .)
 *(.noinit*)
                [!provide]                PROVIDE (__noinit_end, .)
                0x00800067                _end = .
                [!provide]                PROVIDE (__heap_start, .)

.eeprom         0x00810000        0x0
 *(.eeprom*)
                0x00810000                __eeprom_end = .

.fuse
 *(.fuse)
 *(.lfuse)
 *(.hfuse)
 *(.efuse)

.lock
 *(.lock*)

.signature
 *(.signature*)

.user_signatures
 *(.user_signatures*)

.stab
 *(.stab)

.stabstr
 *(.stabstr)

.stab.excl
 *(.stab.excl)

.stab.exclstr
 *(.stab.exclstr)

.stab.index
 *(.stab.index)

.stab.indexstr
 *(.stab.indexstr)

.comment        0x00000000       0x30
 *(.comment)
 .comment       0x00000000       0x30 APP/main.o
                                 0x31 (size before relaxing)
 .comment       0x00000030       0x31 HAL/HBUZZER/HBUZZER_PROGRAM.o
 .comment       0x00000030       0x31 HAL/HRELAY/HRELAY_PROGRAM.o
 .comment       0x00000030       0x31 HAL/HSSD/HSSD_PROGRAM.o
 .comment       0x00000030       0x31 MCAL/MDIO/MDIO_PROGRAM.o
 .comment       0x00000030       0x31 MCAL/MEXTI/MEXTI_PROGRAM.o

.note.gnu.avr.deviceinfo
                0x00000000       0x3c
 .note.gnu.avr.deviceinfo
                0x00000000       0x3c C:/Program Files (x86)/Atmel/Studio/7.0/Packs/atmel/ATmega_DFP/1.2.209/gcc/dev/atmega32/avr5/crtatmega32.o

.note.gnu.build-id
 *(.note.gnu.build-id)

.debug
 *(.debug)

.line
 *(.line)

.debug_srcinfo
 *(.debug_srcinfo)

.debug_sfnames
 *(.debug_sfnames)

.debug_aranges  0x00000000      0x200
 *(.debug_aranges)
 .debug_aranges
                0x00000000       0x28 APP/main.o
 .debug_aranges
                0x00000028       0x58 HAL/HBUZZER/HBUZZER_PROGRAM.o
 .debug_aranges
                0x00000080       0x38 HAL/HRELAY/HRELAY_PROGRAM.o
 .debug_aranges
                0x000000b8       0x50 HAL/HSSD/HSSD_PROGRAM.o
 .debug_aranges
                0x00000108       0x40 MCAL/MDIO/MDIO_PROGRAM.o
 .debug_aranges
                0x00000148       0xb8 MCAL/MEXTI/MEXTI_PROGRAM.o

.debug_pubnames
 *(.debug_pubnames)

.debug_info     0x00000000     0x222b
 *(.debug_info .gnu.linkonce.wi.*)
 .debug_info    0x00000000      0x4e6 C:/Program Files (x86)/Atmel/Studio/7.0/Packs/atmel/ATmega_DFP/1.2.209/gcc/dev/atmega32/avr5/crtatmega32.o
 .debug_info    0x000004e6      0x2c0 APP/main.o
 .debug_info    0x000007a6      0x376 HAL/HBUZZER/HBUZZER_PROGRAM.o
 .debug_info    0x00000b1c      0x229 HAL/HRELAY/HRELAY_PROGRAM.o
 .debug_info    0x00000d45      0xc0e HAL/HSSD/HSSD_PROGRAM.o
 .debug_info    0x00001953      0x33f MCAL/MDIO/MDIO_PROGRAM.o
 .debug_info    0x00001c92      0x599 MCAL/MEXTI/MEXTI_PROGRAM.o

.debug_abbrev   0x00000000      0xc06
 *(.debug_abbrev)
 .debug_abbrev  0x00000000      0x4a3 C:/Program Files (x86)/Atmel/Studio/7.0/Packs/atmel/ATmega_DFP/1.2.209/gcc/dev/atmega32/avr5/crtatmega32.o
 .debug_abbrev  0x000004a3      0x148 APP/main.o
 .debug_abbrev  0x000005eb      0x11d HAL/HBUZZER/HBUZZER_PROGRAM.o
 .debug_abbrev  0x00000708       0xae HAL/HRELAY/HRELAY_PROGRAM.o
 .debug_abbrev  0x000007b6      0x166 HAL/HSSD/HSSD_PROGRAM.o
 .debug_abbrev  0x0000091c       0xd9 MCAL/MDIO/MDIO_PROGRAM.o
 .debug_abbrev  0x000009f5      0x211 MCAL/MEXTI/MEXTI_PROGRAM.o

.debug_line     0x00000000     0x136e
 *(.debug_line .debug_line.* .debug_line_end)
 .debug_line    0x00000000      0x115 C:/Program Files (x86)/Atmel/Studio/7.0/Packs/atmel/ATmega_DFP/1.2.209/gcc/dev/atmega32/avr5/crtatmega32.o
 .debug_line    0x00000115      0x223 APP/main.o
 .debug_line    0x00000338      0x226 HAL/HBUZZER/HBUZZER_PROGRAM.o
 .debug_line    0x0000055e      0x10b HAL/HRELAY/HRELAY_PROGRAM.o
 .debug_line    0x00000669      0x4cc HAL/HSSD/HSSD_PROGRAM.o
 .debug_line    0x00000b35      0x3f3 MCAL/MDIO/MDIO_PROGRAM.o
 .debug_line    0x00000f28      0x446 MCAL/MEXTI/MEXTI_PROGRAM.o

.debug_frame    0x00000000      0x480
 *(.debug_frame)
 .debug_frame   0x00000000       0x3c APP/main.o
 .debug_frame   0x0000003c       0x94 HAL/HBUZZER/HBUZZER_PROGRAM.o
 .debug_frame   0x000000d0       0x54 HAL/HRELAY/HRELAY_PROGRAM.o
 .debug_frame   0x00000124       0xb4 HAL/HSSD/HSSD_PROGRAM.o
 .debug_frame   0x000001d8       0x64 MCAL/MDIO/MDIO_PROGRAM.o
 .debug_frame   0x0000023c      0x244 MCAL/MEXTI/MEXTI_PROGRAM.o

.debug_str      0x00000000      0x92b
 *(.debug_str)
 .debug_str     0x00000000      0x196 C:/Program Files (x86)/Atmel/Studio/7.0/Packs/atmel/ATmega_DFP/1.2.209/gcc/dev/atmega32/avr5/crtatmega32.o
 .debug_str     0x00000196      0x22f APP/main.o
                                0x263 (size before relaxing)
 .debug_str     0x000003c5       0xe7 HAL/HBUZZER/HBUZZER_PROGRAM.o
                                0x2c2 (size before relaxing)
 .debug_str     0x000004ac       0x43 HAL/HRELAY/HRELAY_PROGRAM.o
                                0x23b (size before relaxing)
 .debug_str     0x000004ef       0x81 HAL/HSSD/HSSD_PROGRAM.o
                                0x2bd (size before relaxing)
 .debug_str     0x00000570      0x147 MCAL/MDIO/MDIO_PROGRAM.o
                                0x320 (size before relaxing)
 .debug_str     0x000006b7      0x274 MCAL/MEXTI/MEXTI_PROGRAM.o
                                0x496 (size before relaxing)

.debug_loc      0x00000000     0x13e3
 *(.debug_loc)
 .debug_loc     0x00000000       0xf3 APP/main.o
 .debug_loc     0x000000f3       0xd8 HAL/HBUZZER/HBUZZER_PROGRAM.o
 .debug_loc     0x000001cb       0xe8 HAL/HRELAY/HRELAY_PROGRAM.o
 .debug_loc     0x000002b3      0x44a HAL/HSSD/HSSD_PROGRAM.o
 .debug_loc     0x000006fd      0x79d MCAL/MDIO/MDIO_PROGRAM.o
 .debug_loc     0x00000e9a      0x549 MCAL/MEXTI/MEXTI_PROGRAM.o

.debug_macinfo
 *(.debug_macinfo)

.debug_weaknames
 *(.debug_weaknames)

.debug_funcnames
 *(.debug_funcnames)

.debug_typenames
 *(.debug_typenames)

.debug_varnames
 *(.debug_varnames)

.debug_pubtypes
 *(.debug_pubtypes)

.debug_ranges   0x00000000      0x1a0
 *(.debug_ranges)
 .debug_ranges  0x00000000       0x18 APP/main.o
 .debug_ranges  0x00000018       0x48 HAL/HBUZZER/HBUZZER_PROGRAM.o
 .debug_ranges  0x00000060       0x28 HAL/HRELAY/HRELAY_PROGRAM.o
 .debug_ranges  0x00000088       0x40 HAL/HSSD/HSSD_PROGRAM.o
 .debug_ranges  0x000000c8       0x30 MCAL/MDIO/MDIO_PROGRAM.o
 .debug_ranges  0x000000f8       0xa8 MCAL/MEXTI/MEXTI_PROGRAM.o

.debug_macro
 *(.debug_macro)
OUTPUT(ATmega32.elf elf32-avr)
LOAD linker stubs
